Microchip MPLAB XC8 Compiler V2.40

Linker command line:

-W-3 \
  --edf=C:\Program Files\Microchip\xc8\v2.40\pic\dat\20220703182018_en.msgs \
  -cn -h+dist/default/production\DIGITAL_THERMOMETER.X.production.sym \
  --cmf=dist/default/production\DIGITAL_THERMOMETER.X.production.cmf -z \
  -Q16F887 -oC:\Users\Admin\AppData\Local\Temp\xcAsb4o.4 \
  --defsym=__MPLAB_BUILD=1 --fixupoverflow=error \
  -Mdist/default/production/DIGITAL_THERMOMETER.X.production.map \
  --md=C:\Users\Admin\AppData\Local\Temp\xcAsb4o.dat -E1 -ver=XC8 Compiler \
  --acfsm=1493 -ACODE=00h-07FFhx4 -ASTRCODE=00h-01FFFh -ASTRING=00h-0FFhx32 \
  -ACONST=00h-0FFhx32 -AENTRY=00h-0FFhx32 -ACOMMON=070h-07Fh \
  -ABANK0=020h-06Fh -ABANK1=0A0h-0EFh -ABANK2=0110h-016Fh \
  -ABANK3=0190h-01EFh -ARAM=020h-06Fh,0A0h-0EFh,0110h-016Fh,0190h-01EFh \
  -AABS1=020h-07Fh,0A0h-0EFh,0110h-016Fh,0190h-01EFh -ASFR0=00h-01Fh \
  -ASFR1=080h-09Fh -ASFR2=0100h-010Fh -ASFR3=0180h-018Fh \
  -ACONFIG=02007h-02008h -DCONFIG=2 -AIDLOC=02000h-02003h -DIDLOC=2 \
  -AEEDATA=00h-0FFh/02100h -peeprom_data=EEDATA -DEEDATA=2 -DCODE=2 \
  -DSTRCODE=2 -DSTRING=2 -DCONST=2 -DENTRY=2 \
  -preset_vec=00h,intentry,init,end_init -ppowerup=CODE -pcinit=CODE \
  -pfunctab=ENTRY -k C:\Users\Admin\AppData\Local\Temp\xcAsb4o.o \
  dist/default/production\DIGITAL_THERMOMETER.X.production.o 

Object code version is 3.11

Machine type is 16F887



                Name                               Link     Load   Length Selector   Space Scale
C:\Users\Admin\AppData\Local\Temp\xcAsb4o.o
                end_init                              0        0        3        0       0
                config                             2007     2007        2        0       4
                idloc                              2000     2000        4        0       5
dist/default/production\DIGITAL_THERMOMETER.X.production.o
                cinit                               7F3      7F3        D      FE6       0
                config                             2007     2007        2        0       4
                idloc                              2000     2000        4        0       5
                text17                              256      256      258      4AC       0
                text16                              E2D      E2D      1D3     1C5A       0
                text15                              919      919       27     1232       0
                text14                              4AE      4AE      345      95C       0
                text13                              AD7      AD7       8E     15AE       0
                text12                              C19      C19       B8     1832       0
                text11                              9F5      9F5       69     13EA       0
                text10                              940      940       59     1280       0
                text9                               999      999       5C     1332       0
                text8                               8B3      8B3        F     1166       0
                text7                                 7        7       19        E       0
                text6                               8C2      8C2       13     1184       0
                text5                               8F6      8F6       23     11EC       0
                text4                               B65      B65       B4     16CA       0
                text3                                20       20      236       40       0
                text2                               8D5      8D5       21     11AA       0
                text1                               A5E      A5E       79     14BC       0
                maintext                            CD1      CD1      15C     19A2       0
                cstackBANK0                          20       20       50       20       1
                cstackCOMMON                         70       70        E       70       1
                cstackBANK1                          D4       D4        C       A0       1
                clrtext                             8AB      8AB        8     1156       0
                bssBANK1                             A0       A0       34       A0       1
                strings                             800      800       70     1000       0

TOTAL           Name                               Link     Load   Length     Space
        CLASS   CODE           
                end_init                              0        0        3         0
                cinit                               7F3      7F3        D         0
                text17                              256      256      258         0
                text16                              E2D      E2D      1D3         0
                text15                              919      919       27         0
                text14                              4AE      4AE      345         0
                text13                              AD7      AD7       8E         0
                text12                              C19      C19       B8         0
                text11                              9F5      9F5       69         0
                text10                              940      940       59         0
                text9                               999      999       5C         0
                text8                               8B3      8B3        F         0
                text7                                 7        7       19         0
                text6                               8C2      8C2       13         0
                text5                               8F6      8F6       23         0
                text4                               B65      B65       B4         0
                text3                                20       20      236         0
                text2                               8D5      8D5       21         0
                text1                               A5E      A5E       79         0
                maintext                            CD1      CD1      15C         0
                clrtext                             8AB      8AB        8         0

        CLASS   STRCODE        

        CLASS   STRING         
                strings                             800      800       70         0

        CLASS   CONST          

        CLASS   ENTRY          

        CLASS   COMMON         
                cstackCOMMON                         70       70        E         1

        CLASS   BANK0          
                cstackBANK0                          20       20       50         1

        CLASS   BANK1          
                cstackBANK1                          D4       D4        C         1
                bssBANK1                             A0       A0       34         1

        CLASS   BANK2          

        CLASS   BANK3          

        CLASS   RAM            

        CLASS   ABS1           
                abs_s1                               7E       7E        2         1

        CLASS   SFR0           

        CLASS   SFR1           

        CLASS   SFR2           

        CLASS   SFR3           

        CLASS   CONFIG         
                config                             2007     2007        2         4

        CLASS   IDLOC          
                idloc                              2000     2000        4         5

        CLASS   EEDATA         

        CLASS   STACK          



SEGMENTS        Name                           Load    Length   Top    Selector   Space  Class     Delta

                reset_vec                      000000  000003  000003         0       0  CODE        2
                text7                          000007  000019  000020         E       0  CODE        2
                cstackBANK0                    000020  000050  000070        20       1  BANK0       1
                text3                          000020  000236  000256        40       0  CODE        2
                cstackCOMMON                   000070  00000E  00007E        70       1  COMMON      1
                bssBANK1                       0000A0  000040  0000E0        A0       1  BANK1       1
                text17                         000256  000258  0004AE       4AC       0  CODE        2
                text14                         0004AE  000345  0007F3       95C       0  CODE        2
                cinit                          0007F3  00000D  000800       FE6       0  CODE        2
                strings                        000800  000070  000870      1000       0  STRING      2
                clrtext                        0008AB  000008  0008B3      1156       0  CODE        2
                text8                          0008B3  00000F  0008C2      1166       0  CODE        2
                text6                          0008C2  000013  0008D5      1184       0  CODE        2
                text2                          0008D5  000021  0008F6      11AA       0  CODE        2
                text5                          0008F6  000023  000919      11EC       0  CODE        2
                text15                         000919  000027  000940      1232       0  CODE        2
                text10                         000940  000059  000999      1280       0  CODE        2
                text9                          000999  00005C  0009F5      1332       0  CODE        2
                text11                         0009F5  000069  000A5E      13EA       0  CODE        2
                text1                          000A5E  000079  000AD7      14BC       0  CODE        2
                text13                         000AD7  00008E  000B65      15AE       0  CODE        2
                text4                          000B65  0000B4  000C19      16CA       0  CODE        2
                text12                         000C19  0000B8  000CD1      1832       0  CODE        2
                maintext                       000CD1  00015C  000E2D      19A2       0  CODE        2
                text16                         000E2D  0001D3  001000      1C5A       0  CODE        2


UNUSED ADDRESS RANGES

        Name                Unused          Largest block    Delta
        BANK1            00E0-00EF             10           1
        BANK2            0110-016F             60           1
        BANK3            0190-01EF             60           1
        CODE             0003-0006              4           2
                         0870-08AA             3B
                         1000-1FFF            800
        CONST            0003-0006              4           2
                         0870-08AA             3B
                         1000-1FFF            100
        EEDATA           2100-21FF            100           2
        ENTRY            0003-0006              4           2
                         0870-08AA             3B
                         1000-1FFF            100
        RAM              00E0-00EF             10           1
                         0110-016F             60
                         0190-01EF             60
        SFR0             0000-001F             20           1
        SFR1             0080-009F             20           1
        SFR2             0100-010F             10           1
        SFR3             0180-018F             10           1
        STRCODE          0003-0006              4           2
                         0870-08AA             3B
                         1000-1FFF           1000
        STRING           0003-0006              4           2
                         0870-08AA             3B
                         1000-1FFF            100

                                  Symbol Table

?__Umul8_16              cstackCOMMON 0070
?___awdiv                cstackCOMMON 0077
?___awmod                cstackCOMMON 0070
?___fladd                cstackBANK0  0054
?___fldiv                cstackBANK0  003A
?___flmul                cstackBANK0  0020
?___fltol                cstackBANK0  0068
?___xxtofl               cstackCOMMON 0070
_ADCON0                  (abs)        001F
_ADCON1                  (abs)        009F
_ADRESH                  (abs)        001E
_ADRESL                  (abs)        009E
_ANSEL                   (abs)        0188
_ANSELH                  (abs)        0189
_BRG16                   (abs)        0C3B
_GO                      (abs)        00F9
_PORTA                   (abs)        0005
_PORTB                   (abs)        0006
_PORTC                   (abs)        0007
_PORTD                   (abs)        0008
_PORTE                   (abs)        0009
_RB0                     (abs)        0030
_RE0                     (abs)        0048
_RE1                     (abs)        0049
_SPBRG                   (abs)        0099
_SPEN                    (abs)        00C7
_SSPCON                  (abs)        0014
_SSPCON2                 (abs)        0091
_SSPSTAT                 (abs)        0094
_TRISA                   (abs)        0085
_TRISB                   (abs)        0086
_TRISC                   (abs)        0087
_TRISD                   (abs)        0088
_TRISE                   (abs)        0089
_TXIF                    (abs)        0064
_TXREG                   (abs)        0019
_TXSTA                   (abs)        0098
__Habs1                  abs1         0000
__Hbank0                 bank0        0000
__Hbank1                 bank1        0000
__Hbank2                 bank2        0000
__Hbank3                 bank3        0000
__HbssBANK1              bssBANK1     0000
__Hcinit                 cinit        0800
__Hclrtext               clrtext      0000
__Hcode                  code         0000
__Hcommon                common       0000
__Hconfig                config       2009
__HcstackBANK0           cstackBANK0  0000
__HcstackBANK1           cstackBANK1  0000
__HcstackCOMMON          cstackCOMMON 0000
__Heeprom_data           eeprom_data  0000
__Hend_init              end_init     0003
__Hfunctab               functab      0000
__Hidloc                 idloc        2004
__Hinit                  init         0000
__Hintentry              intentry     0000
__Hmaintext              maintext     0000
__Hpowerup               powerup      0000
__Hram                   ram          0000
__Hreset_vec             reset_vec    0000
__Hsfr0                  sfr0         0000
__Hsfr1                  sfr1         0000
__Hsfr2                  sfr2         0000
__Hsfr3                  sfr3         0000
__Hspace_0               (abs)        1000
__Hspace_1               (abs)        00E0
__Hspace_2               (abs)        0000
__Hspace_3               (abs)        0000
__Hspace_4               (abs)        4010
__Hstack                 stack        0000
__Hstrings               strings      0000
__Htext                  text         0000
__Labs1                  abs1         0000
__Lbank0                 bank0        0000
__Lbank1                 bank1        0000
__Lbank2                 bank2        0000
__Lbank3                 bank3        0000
__LbssBANK1              bssBANK1     0000
__Lcinit                 cinit        07F3
__Lclrtext               clrtext      0000
__Lcode                  code         0000
__Lcommon                common       0000
__Lconfig                config       0000
__LcstackBANK0           cstackBANK0  0000
__LcstackBANK1           cstackBANK1  0000
__LcstackCOMMON          cstackCOMMON 0000
__Leeprom_data           eeprom_data  0000
__Lend_init              end_init     0000
__Lfunctab               functab      0000
__Lidloc                 idloc        0000
__Linit                  init         0000
__Lintentry              intentry     0000
__Lmaintext              maintext     0000
__Lpowerup               powerup      0000
__Lram                   ram          0000
__Lreset_vec             reset_vec    0000
__Lsfr0                  sfr0         0000
__Lsfr1                  sfr1         0000
__Lsfr2                  sfr2         0000
__Lsfr3                  sfr3         0000
__Lspace_0               (abs)        0000
__Lspace_1               (abs)        0000
__Lspace_2               (abs)        0000
__Lspace_3               (abs)        0000
__Lspace_4               (abs)        0000
__Lstack                 stack        0000
__Lstrings               strings      0000
__Ltext                  text         0000
__S0                     (abs)        1000
__S1                     (abs)        00E0
__S3                     (abs)        0000
__Umul8_16               text15       0919
__Umul8_16@multiplicand  cstackCOMMON 0070
__Umul8_16@multiplier    cstackCOMMON 0078
__Umul8_16@product       cstackCOMMON 0074
__Umul8_16@word_mpld     cstackCOMMON 0076
___awdiv                 text11       09F5
___awdiv@counter         cstackBANK0  0020
___awdiv@dividend        cstackCOMMON 0079
___awdiv@divisor         cstackCOMMON 0077
___awdiv@quotient        cstackBANK0  0022
___awdiv@sign            cstackBANK0  0021
___awmod                 text10       0940
___awmod@counter         cstackCOMMON 0075
___awmod@dividend        cstackCOMMON 0072
___awmod@divisor         cstackCOMMON 0070
___awmod@sign            cstackCOMMON 0076
___fladd                 text17       0256
___fladd@a               cstackBANK0  0058
___fladd@aexp            cstackBANK0  0065
___fladd@b               cstackBANK0  0054
___fladd@bexp            cstackBANK0  0066
___fladd@grs             cstackBANK0  0067
___fladd@signs           cstackBANK0  0064
___fldiv                 text16       0E2D
___fldiv@a               cstackBANK0  003A
___fldiv@aexp            cstackBANK0  0053
___fldiv@b               cstackBANK0  003E
___fldiv@bexp            cstackBANK0  0052
___fldiv@grs             cstackBANK0  004E
___fldiv@new_exp         cstackBANK0  004C
___fldiv@rem             cstackBANK0  0047
___fldiv@sign            cstackBANK0  004B
___flmul                 text14       04AE
___flmul@a               cstackBANK0  0024
___flmul@aexp            cstackBANK0  0032
___flmul@b               cstackBANK0  0020
___flmul@bexp            cstackBANK0  0033
___flmul@grs             cstackBANK0  002E
___flmul@prod            cstackBANK0  0034
___flmul@sign            cstackBANK0  002D
___flmul@temp            cstackBANK0  0038
___fltol                 text13       0AD7
___fltol@exp1            cstackBANK1  00D5
___fltol@f1              cstackBANK0  0068
___fltol@sign1           cstackBANK1  00D4
___int_sp                stack        0000
___latbits               (abs)        0002
___sp                    stack        0000
___stackhi               (abs)        0000
___stacklo               (abs)        0000
___xxtofl                text12       0C19
___xxtofl@arg            cstackCOMMON 007A
___xxtofl@exp            cstackCOMMON 0079
___xxtofl@sign           cstackCOMMON 0078
___xxtofl@val            cstackCOMMON 0070
__end_of__Umul8_16       text15       0940
__end_of___awdiv         text11       0A5E
__end_of___awmod         text10       0999
__end_of___fladd         text17       04AE
__end_of___fldiv         text16       1000
__end_of___flmul         text14       07F3
__end_of___fltol         text13       0B65
__end_of___xxtofl        text12       0CD1
__end_of__initialization cinit        07FC
__end_of__stringtab      strings      0806
__end_of_adc             text9        09F5
__end_of_cel             text3        0256
__end_of_delay           text8        08C2
__end_of_enable          text7        0020
__end_of_lcd             text6        08D5
__end_of_lcd1            text5        0919
__end_of_main            maintext     0E2D
__end_of_sample          text4        0C19
__end_of_split1          text1        0AD7
__end_of_string          text2        08F6
__initialization         cinit        07F3
__pbssBANK1              bssBANK1     00A0
__pcstackBANK0           cstackBANK0  0020
__pcstackBANK1           cstackBANK1  00D4
__pcstackCOMMON          cstackCOMMON 0070
__pmaintext              maintext     0CD1
__pstrings               strings      0800
__ptext1                 text1        0A5E
__ptext10                text10       0940
__ptext11                text11       09F5
__ptext12                text12       0C19
__ptext13                text13       0AD7
__ptext14                text14       04AE
__ptext15                text15       0919
__ptext16                text16       0E2D
__ptext17                text17       0256
__ptext2                 text2        08D5
__ptext3                 text3        0020
__ptext4                 text4        0B65
__ptext5                 text5        08F6
__ptext6                 text6        08C2
__ptext7                 text7        0007
__ptext8                 text8        08B3
__ptext9                 text9        0999
__stringbase             strings      0805
__stringtab              strings      0800
_a                       bssBANK1     00CC
_adc                     text9        0999
_b                       bssBANK1     00CA
_c                       bssBANK1     00C8
_cel                     text3        0020
_d                       bssBANK1     00C6
_delay                   text8        08B3
_e                       bssBANK1     00C4
_enable                  text7        0007
_f                       bssBANK1     00C2
_g                       bssBANK1     00C0
_h                       bssBANK1     00BE
_high                    bssBANK1     00D2
_i                       bssBANK1     00BC
_i1                      bssBANK1     00AA
_j                       bssBANK1     00BA
_j1                      bssBANK1     00A8
_k                       bssBANK1     00B8
_k1                      bssBANK1     00A6
_l                       bssBANK1     00B6
_l1                      bssBANK1     00A2
_lcd                     text6        08C2
_lcd1                    text5        08F6
_low                     bssBANK1     00D0
_m                       bssBANK1     00B4
_m1                      bssBANK1     00A4
_main                    maintext     0CD1
_n                       bssBANK1     00B2
_n1                      bssBANK1     00A0
_o                       bssBANK1     00B0
_sample                  text4        0B65
_split1                  text1        0A5E
_string                  text2        08D5
_temp                    bssBANK1     00CE
btemp                    (abs)        007E
clear_ram0               clrtext      08AB
delay@a                  cstackCOMMON 0070
end_of_initialization    cinit        07FC
intlevel0                functab      0000
intlevel1                functab      0000
intlevel2                functab      0000
intlevel3                functab      0000
intlevel4                functab      0000
intlevel5                functab      0000
lcd1@dta                 cstackCOMMON 0073
lcd@dta                  cstackCOMMON 0072
lcd@rs                   cstackCOMMON 0073
main@i                   cstackBANK1  00D6
main@i_115               cstackBANK1  00D8
main@i_117               cstackBANK1  00DA
main@i_121               cstackBANK1  00DC
main@i_124               cstackBANK1  00DE
reset_vec                reset_vec    0000
split1@a                 cstackBANK0  0024
start                    init         0000
start_initialization     cinit        07F3
string@str               cstackCOMMON 0071
wtemp0                   (abs)        007E


MODULE INFORMATION

Module		Function		Class		Link	Load	Size
C:\Program Files\Microchip\xc8\v2.40\pic\sources\c90\common\fltol.c
		___fltol       		CODE           	0AD7	0000	142

C:\Program Files\Microchip\xc8\v2.40\pic\sources\c90\common\fltol.c estimated size: 142

DIGITAL_THERMOMETER.c
		_sample        		CODE           	0B65	0000	180
		_string        		CODE           	08D5	0000	33
		_delay         		CODE           	08B3	0000	15
		_split1        		CODE           	0A5E	0000	121
		_main          		CODE           	0CD1	0000	348
		_enable        		CODE           	0007	0000	25
		_adc           		CODE           	0999	0000	92
		_lcd           		CODE           	08C2	0000	19
		_lcd1          		CODE           	08F6	0000	35
		_cel           		CODE           	0020	0000	566

DIGITAL_THERMOMETER.c estimated size: 1434

C:\Program Files\Microchip\xc8\v2.40\pic\sources\c90\common\awdiv.c
		___awdiv       		CODE           	09F5	0000	105

C:\Program Files\Microchip\xc8\v2.40\pic\sources\c90\common\awdiv.c estimated size: 105

C:\Program Files\Microchip\xc8\v2.40\pic\sources\c90\common\sprcmul.c
		___flmul       		CODE           	04AE	0000	837

C:\Program Files\Microchip\xc8\v2.40\pic\sources\c90\common\sprcmul.c estimated size: 837

C:\Program Files\Microchip\xc8\v2.40\pic\sources\c90\common\sprcdiv.c
		___fldiv       		CODE           	0E2D	0000	467

C:\Program Files\Microchip\xc8\v2.40\pic\sources\c90\common\sprcdiv.c estimated size: 467

C:\Program Files\Microchip\xc8\v2.40\pic\sources\c90\common\Umul8_16.c
		__Umul8_16     		CODE           	0919	0000	39

C:\Program Files\Microchip\xc8\v2.40\pic\sources\c90\common\Umul8_16.c estimated size: 39

shared
		__stringtab    		STRING         	0800	0000	6
		__initialization		CODE           	07F3	0000	9

shared estimated size: 15

C:\Program Files\Microchip\xc8\v2.40\pic\sources\c90\common\sprcadd.c
		___fladd       		CODE           	0256	0000	600

C:\Program Files\Microchip\xc8\v2.40\pic\sources\c90\common\sprcadd.c estimated size: 600

C:\Program Files\Microchip\xc8\v2.40\pic\sources\c90\common\awmod.c
		___awmod       		CODE           	0940	0000	89

C:\Program Files\Microchip\xc8\v2.40\pic\sources\c90\common\awmod.c estimated size: 89

C:\Program Files\Microchip\xc8\v2.40\pic\sources\c90\common\xxtofl.c
		___xxtofl      		CODE           	0C19	0000	184

C:\Program Files\Microchip\xc8\v2.40\pic\sources\c90\common\xxtofl.c estimated size: 184

